word-pinyin加载成功
【原文命中侮辱词】输入: "你是个傻逼"
检测结果: {
  "risk": false,
  "matches": [],
  "cloudCheck": null
}
-----------------------------
【拼音命中侮辱词】输入: "cao ni ma"
检测结果: {
  "risk": false,
  "matches": [],
  "cloudCheck": null
}
-----------------------------
【原文命中政治词】输入: "我要台独"
检测结果: {
  "risk": false,
  "matches": [],
  "cloudCheck": null
}
-----------------------------
【拼音命中政治词】输入: "tai du"
检测结果: {
  "risk": false,
  "matches": [],
  "cloudCheck": null
}
-----------------------------
【无敏感词】输入: "hello world"
检测结果: {
  "risk": false,
  "matches": [],
  "cloudCheck": null
}
-----------------------------
